../Core/Src/main.c:328:12:ChargePlex_ValidateScanTable	20	static
../Core/Src/main.c:405:13:ChargePlex_ForceSafeState	0	static
../Core/Src/main.c:165:5:__io_putchar	16	static
../Core/Src/main.c:174:6:MPU6500_ReadWhoAmI	40	static
../Core/Src/main.c:212:6:MPU6500_WriteReg	24	static
../Core/Src/main.c:222:6:MPU6500_ReadRegs	40	static
../Core/Src/main.c:236:6:MPU6500_Init	8	static
../Core/Src/main.c:255:6:MPU6500_ReadAccel	40	static
../Core/Src/main.c:422:6:ChargePlex_CheckAlive	24	static
../Core/Src/main.c:602:6:SystemClock_Config	96	static,ignoring_inline_asm
../Core/Src/main.c:447:5:main	168	static,ignoring_inline_asm
../Core/Src/main.c:883:6:Error_Handler	0	static,ignoring_inline_asm
