../Core/Src/main.c:313:12:ChargePlex_ValidateScanTable	20	static
../Core/Src/main.c:390:13:ChargePlex_ForceSafeState	0	static
../Core/Src/main.c:150:5:__io_putchar	16	static
../Core/Src/main.c:159:6:MPU6500_ReadWhoAmI	40	static
../Core/Src/main.c:197:6:MPU6500_WriteReg	24	static
../Core/Src/main.c:207:6:MPU6500_ReadRegs	40	static
../Core/Src/main.c:221:6:MPU6500_Init	8	static
../Core/Src/main.c:240:6:MPU6500_ReadAccel	40	static
../Core/Src/main.c:407:6:ChargePlex_CheckAlive	24	static
../Core/Src/main.c:574:6:SystemClock_Config	96	static,ignoring_inline_asm
../Core/Src/main.c:432:5:main	160	static,ignoring_inline_asm
../Core/Src/main.c:855:6:Error_Handler	0	static,ignoring_inline_asm
