../Core/Src/main.c:268:12:ChargePlex_ValidateScanTable	12
../Core/Src/main.c:389:13:ChargePlex_ForceSafeState	5
../Core/Src/main.c:123:6:MPU6500_ReadWhoAmI	1
../Core/Src/main.c:161:6:MPU6500_WriteReg	1
../Core/Src/main.c:171:6:MPU6500_ReadRegs	1
../Core/Src/main.c:185:6:MPU6500_Init	1
../Core/Src/main.c:200:6:MPU6500_ReadAccel	4
../Core/Src/main.c:406:6:ChargePlex_CheckAlive	6
../Core/Src/main.c:530:6:SystemClock_Config	4
../Core/Src/main.c:431:5:main	22
../Core/Src/main.c:811:6:Error_Handler	1
